sdgfsd

sdfg



sdfds

dsfds

f
f

gg
g
try